"Stack is not Empty"
[Real 243.0,Real 4.908,Real 5.6,Integer 4,Id "hello"]